Results of the stream comparison
RMS: 0 
Maximum in absolute: 0
----- mioumiou.ogg -----

Results of the stream comparison
RMS: 0 
Maximum in absolute: 0
----- tiersen.ogg -----

Results of the stream comparison
RMS: 0 
Maximum in absolute: 0
----- windows.ogg -----

Results of the stream comparison
RMS: 0 
Maximum in absolute: 0
----- tromboon.ogg -----

